[2023-12-12T18:32:46.587+0100][0.009s] CardTable entry size: 512
[2023-12-12T18:32:46.587+0100][0.009s] Using G1
[2023-12-12T18:32:46.694+0100][0.116s] Version: 19.0.1+10-21 (release)
[2023-12-12T18:32:46.694+0100][0.116s] CPUs: 12 total, 12 available
[2023-12-12T18:32:46.695+0100][0.116s] Memory: 16220M
[2023-12-12T18:32:46.695+0100][0.116s] Large Page Support: Disabled
[2023-12-12T18:32:46.695+0100][0.116s] NUMA Support: Disabled
[2023-12-12T18:32:46.695+0100][0.116s] Compressed Oops: Enabled (32-bit)
[2023-12-12T18:32:46.695+0100][0.116s] Heap Region Size: 1M
[2023-12-12T18:32:46.695+0100][0.116s] Heap Min Capacity: 512M
[2023-12-12T18:32:46.695+0100][0.116s] Heap Initial Capacity: 512M
[2023-12-12T18:32:46.695+0100][0.116s] Heap Max Capacity: 512M
[2023-12-12T18:32:46.695+0100][0.117s] Pre-touch: Enabled
[2023-12-12T18:32:46.695+0100][0.117s] Parallel Workers: 10
[2023-12-12T18:32:46.695+0100][0.117s] Concurrent Workers: 3
[2023-12-12T18:32:46.695+0100][0.117s] Concurrent Refinement Workers: 10
[2023-12-12T18:32:46.695+0100][0.117s] Periodic GC: Disabled
[2023-12-12T18:32:46.695+0100][0.117s] CDS archive(s) mapped at: [0x0000000800000000-0x0000000800c40000-0x0000000800c40000), size 12845056, SharedBaseAddress: 0x0000000800000000, ArchiveRelocationMode: 0.
[2023-12-12T18:32:46.695+0100][0.117s] Compressed class space mapped at: 0x0000000801000000-0x0000000841000000, reserved size: 1073741824
[2023-12-12T18:32:46.696+0100][0.117s] Narrow klass base: 0x0000000800000000, Narrow klass shift: 0, Narrow klass range: 0x100000000
[2023-12-12T18:32:47.148+0100][0.570s] GC(0) Pause Young (Normal) (G1 Evacuation Pause)
[2023-12-12T18:32:47.148+0100][0.570s] GC(0) Using 10 workers of 10 for evacuation
[2023-12-12T18:32:47.150+0100][0.572s] GC(0)   Pre Evacuate Collection Set: 0.1ms
[2023-12-12T18:32:47.150+0100][0.572s] GC(0)   Merge Heap Roots: 0.0ms
[2023-12-12T18:32:47.150+0100][0.572s] GC(0)   Evacuate Collection Set: 1.4ms
[2023-12-12T18:32:47.150+0100][0.572s] GC(0)   Post Evacuate Collection Set: 0.4ms
[2023-12-12T18:32:47.150+0100][0.572s] GC(0)   Other: 0.3ms
[2023-12-12T18:32:47.150+0100][0.572s] GC(0) Eden regions: 29->0(44)
[2023-12-12T18:32:47.150+0100][0.572s] GC(0) Survivor regions: 0->4(4)
[2023-12-12T18:32:47.150+0100][0.572s] GC(0) Old regions: 0->0
[2023-12-12T18:32:47.150+0100][0.572s] GC(0) Archive regions: 0->0
[2023-12-12T18:32:47.150+0100][0.572s] GC(0) Humongous regions: 0->0
[2023-12-12T18:32:47.150+0100][0.572s] GC(0) Metaspace: 6008K(6144K)->6008K(6144K) NonClass: 5365K(5440K)->5365K(5440K) Class: 642K(704K)->642K(704K)
[2023-12-12T18:32:47.151+0100][0.572s] GC(0) Pause Young (Normal) (G1 Evacuation Pause) 29M->3M(512M) 2.357ms
[2023-12-12T18:32:47.151+0100][0.572s] GC(0) User=0.00s Sys=0.00s Real=0.00s
[2023-12-12T18:32:56.827+0100][10.250s] GC(1) Pause Young (Normal) (G1 Evacuation Pause)
[2023-12-12T18:32:56.828+0100][10.250s] GC(1) Using 10 workers of 10 for evacuation
[2023-12-12T18:32:56.834+0100][10.255s] GC(1)   Pre Evacuate Collection Set: 0.1ms
[2023-12-12T18:32:56.834+0100][10.255s] GC(1)   Merge Heap Roots: 0.1ms
[2023-12-12T18:32:56.834+0100][10.255s] GC(1)   Evacuate Collection Set: 4.8ms
[2023-12-12T18:32:56.834+0100][10.255s] GC(1)   Post Evacuate Collection Set: 0.7ms
[2023-12-12T18:32:56.834+0100][10.255s] GC(1)   Other: 0.1ms
[2023-12-12T18:32:56.834+0100][10.255s] GC(1) Eden regions: 44->0(301)
[2023-12-12T18:32:56.834+0100][10.255s] GC(1) Survivor regions: 4->6(6)
[2023-12-12T18:32:56.834+0100][10.255s] GC(1) Old regions: 0->8
[2023-12-12T18:32:56.834+0100][10.255s] GC(1) Archive regions: 0->0
[2023-12-12T18:32:56.834+0100][10.255s] GC(1) Humongous regions: 4->4
[2023-12-12T18:32:56.834+0100][10.256s] GC(1) Metaspace: 18091K(18432K)->18091K(18432K) NonClass: 16077K(16256K)->16077K(16256K) Class: 2014K(2176K)->2014K(2176K)
[2023-12-12T18:32:56.834+0100][10.256s] GC(1) Pause Young (Normal) (G1 Evacuation Pause) 51M->17M(512M) 5.992ms
[2023-12-12T18:32:56.834+0100][10.256s] GC(1) User=0.00s Sys=0.00s Real=0.01s
[2023-12-12T18:32:57.582+0100][11.004s] GC(2) Pause Young (Concurrent Start) (Metadata GC Threshold)
[2023-12-12T18:32:57.582+0100][11.004s] GC(2) Using 10 workers of 10 for evacuation
[2023-12-12T18:32:57.587+0100][11.009s] GC(2)   Pre Evacuate Collection Set: 0.2ms
[2023-12-12T18:32:57.588+0100][11.009s] GC(2)   Merge Heap Roots: 0.1ms
[2023-12-12T18:32:57.588+0100][11.009s] GC(2)   Evacuate Collection Set: 4.2ms
[2023-12-12T18:32:57.588+0100][11.009s] GC(2)   Post Evacuate Collection Set: 0.6ms
[2023-12-12T18:32:57.588+0100][11.009s] GC(2)   Other: 0.1ms
[2023-12-12T18:32:57.588+0100][11.009s] GC(2) Eden regions: 271->0(295)
[2023-12-12T18:32:57.588+0100][11.009s] GC(2) Survivor regions: 6->12(39)
[2023-12-12T18:32:57.588+0100][11.009s] GC(2) Old regions: 8->8
[2023-12-12T18:32:57.588+0100][11.009s] GC(2) Archive regions: 0->0
[2023-12-12T18:32:57.588+0100][11.009s] GC(2) Humongous regions: 4->4
[2023-12-12T18:32:57.588+0100][11.009s] GC(2) Metaspace: 21079K(21504K)->21079K(21504K) NonClass: 18744K(18944K)->18744K(18944K) Class: 2334K(2560K)->2334K(2560K)
[2023-12-12T18:32:57.588+0100][11.009s] GC(2) Pause Young (Concurrent Start) (Metadata GC Threshold) 288M->23M(512M) 5.422ms
[2023-12-12T18:32:57.588+0100][11.009s] GC(2) User=0.00s Sys=0.00s Real=0.01s
[2023-12-12T18:32:57.588+0100][11.009s] GC(3) Concurrent Mark Cycle
[2023-12-12T18:32:57.588+0100][11.009s] GC(3) Concurrent Clear Claimed Marks
[2023-12-12T18:32:57.588+0100][11.009s] GC(3) Concurrent Clear Claimed Marks 0.034ms
[2023-12-12T18:32:57.588+0100][11.009s] GC(3) Concurrent Scan Root Regions
[2023-12-12T18:32:57.589+0100][11.011s] GC(3) Concurrent Scan Root Regions 1.708ms
[2023-12-12T18:32:57.589+0100][11.011s] GC(3) Concurrent Mark
[2023-12-12T18:32:57.590+0100][11.011s] GC(3) Concurrent Mark From Roots
[2023-12-12T18:32:57.590+0100][11.011s] GC(3) Using 3 workers of 3 for marking
[2023-12-12T18:32:57.594+0100][11.016s] GC(3) Concurrent Mark From Roots 4.846ms
[2023-12-12T18:32:57.594+0100][11.016s] GC(3) Concurrent Preclean
[2023-12-12T18:32:57.594+0100][11.016s] GC(3) Concurrent Preclean 0.016ms
[2023-12-12T18:32:57.595+0100][11.016s] GC(3) Pause Remark
[2023-12-12T18:32:57.596+0100][11.017s] GC(3) Pause Remark 24M->24M(512M) 1.126ms
[2023-12-12T18:32:57.596+0100][11.017s] GC(3) User=0.00s Sys=0.00s Real=0.00s
[2023-12-12T18:32:57.596+0100][11.017s] GC(3) Concurrent Mark 6.257ms
[2023-12-12T18:32:57.596+0100][11.017s] GC(3) Concurrent Rebuild Remembered Sets
[2023-12-12T18:32:57.598+0100][11.020s] GC(3) Concurrent Rebuild Remembered Sets 2.629ms
[2023-12-12T18:32:57.599+0100][11.020s] GC(3) Pause Cleanup
[2023-12-12T18:32:57.599+0100][11.020s] GC(3) Pause Cleanup 24M->24M(512M) 0.113ms
[2023-12-12T18:32:57.599+0100][11.020s] GC(3) User=0.00s Sys=0.00s Real=0.00s
[2023-12-12T18:32:57.599+0100][11.020s] GC(3) Concurrent Cleanup for Next Mark
[2023-12-12T18:32:57.599+0100][11.021s] GC(3) Concurrent Cleanup for Next Mark 0.744ms
[2023-12-12T18:32:57.600+0100][11.021s] GC(3) Concurrent Mark Cycle 11.833ms
[2023-12-12T18:32:57.802+0100][11.223s] GC(4) Pause Young (Concurrent Start) (CodeCache GC Threshold)
[2023-12-12T18:32:57.802+0100][11.223s] GC(4) Using 10 workers of 10 for evacuation
[2023-12-12T18:32:57.807+0100][11.229s] GC(4)   Pre Evacuate Collection Set: 0.1ms
[2023-12-12T18:32:57.807+0100][11.229s] GC(4)   Merge Heap Roots: 0.1ms
[2023-12-12T18:32:57.807+0100][11.229s] GC(4)   Evacuate Collection Set: 4.2ms
[2023-12-12T18:32:57.807+0100][11.229s] GC(4)   Post Evacuate Collection Set: 0.7ms
[2023-12-12T18:32:57.807+0100][11.229s] GC(4)   Other: 0.1ms
[2023-12-12T18:32:57.807+0100][11.229s] GC(4) Eden regions: 50->0(293)
[2023-12-12T18:32:57.807+0100][11.229s] GC(4) Survivor regions: 12->14(39)
[2023-12-12T18:32:57.807+0100][11.229s] GC(4) Old regions: 8->8
[2023-12-12T18:32:57.807+0100][11.229s] GC(4) Archive regions: 0->0
[2023-12-12T18:32:57.807+0100][11.229s] GC(4) Humongous regions: 5->4
[2023-12-12T18:32:57.807+0100][11.229s] GC(4) Metaspace: 24019K(24448K)->24019K(24448K) NonClass: 21263K(21504K)->21263K(21504K) Class: 2755K(2944K)->2755K(2944K)
[2023-12-12T18:32:57.807+0100][11.229s] GC(4) Pause Young (Concurrent Start) (CodeCache GC Threshold) 73M->25M(512M) 5.506ms
[2023-12-12T18:32:57.807+0100][11.229s] GC(5) Concurrent Mark Cycle
[2023-12-12T18:32:57.807+0100][11.229s] GC(4) User=0.00s Sys=0.00s Real=0.00s
[2023-12-12T18:32:57.807+0100][11.229s] GC(5) Concurrent Clear Claimed Marks
[2023-12-12T18:32:57.807+0100][11.229s] GC(5) Concurrent Clear Claimed Marks 0.165ms
[2023-12-12T18:32:57.807+0100][11.229s] GC(5) Concurrent Scan Root Regions
[2023-12-12T18:32:57.809+0100][11.231s] GC(5) Concurrent Scan Root Regions 1.713ms
[2023-12-12T18:32:57.809+0100][11.231s] GC(5) Concurrent Mark
[2023-12-12T18:32:57.809+0100][11.231s] GC(5) Concurrent Mark From Roots
[2023-12-12T18:32:57.809+0100][11.231s] GC(5) Using 3 workers of 3 for marking
[2023-12-12T18:32:57.813+0100][11.235s] GC(5) Concurrent Mark From Roots 4.415ms
[2023-12-12T18:32:57.813+0100][11.235s] GC(5) Concurrent Preclean
[2023-12-12T18:32:57.814+0100][11.235s] GC(5) Concurrent Preclean 0.018ms
[2023-12-12T18:32:57.814+0100][11.236s] GC(5) Pause Remark
[2023-12-12T18:32:57.815+0100][11.237s] GC(5) Pause Remark 26M->26M(512M) 1.305ms
[2023-12-12T18:32:57.815+0100][11.237s] GC(5) User=0.00s Sys=0.00s Real=0.00s
[2023-12-12T18:32:57.815+0100][11.237s] GC(5) Concurrent Mark 6.170ms
[2023-12-12T18:32:57.815+0100][11.237s] GC(5) Concurrent Rebuild Remembered Sets
[2023-12-12T18:32:57.818+0100][11.240s] GC(5) Concurrent Rebuild Remembered Sets 2.957ms
[2023-12-12T18:32:57.818+0100][11.240s] GC(5) Pause Cleanup
[2023-12-12T18:32:57.819+0100][11.240s] GC(5) Pause Cleanup 26M->26M(512M) 0.137ms
[2023-12-12T18:32:57.819+0100][11.240s] GC(5) User=0.00s Sys=0.00s Real=0.00s
[2023-12-12T18:32:57.819+0100][11.241s] GC(5) Concurrent Cleanup for Next Mark
[2023-12-12T18:32:57.820+0100][11.241s] GC(5) Concurrent Cleanup for Next Mark 0.822ms
[2023-12-12T18:32:57.820+0100][11.241s] GC(5) Concurrent Mark Cycle 12.452ms
[2023-12-12T18:33:35.353+0100][48.775s] GC(6) Pause Young (Prepare Mixed) (Metadata GC Threshold)
[2023-12-12T18:33:35.353+0100][48.775s] GC(6) Using 10 workers of 10 for evacuation
[2023-12-12T18:33:35.360+0100][48.782s] GC(6)   Pre Evacuate Collection Set: 0.1ms
[2023-12-12T18:33:35.360+0100][48.782s] GC(6)   Merge Heap Roots: 0.1ms
[2023-12-12T18:33:35.360+0100][48.782s] GC(6)   Evacuate Collection Set: 6.0ms
[2023-12-12T18:33:35.360+0100][48.782s] GC(6)   Post Evacuate Collection Set: 0.8ms
[2023-12-12T18:33:35.360+0100][48.782s] GC(6)   Other: 0.1ms
[2023-12-12T18:33:35.360+0100][48.782s] GC(6) Eden regions: 143->0(5)
[2023-12-12T18:33:35.360+0100][48.782s] GC(6) Survivor regions: 14->20(39)
[2023-12-12T18:33:35.360+0100][48.782s] GC(6) Old regions: 8->8
[2023-12-12T18:33:35.360+0100][48.782s] GC(6) Archive regions: 0->0
[2023-12-12T18:33:35.360+0100][48.782s] GC(6) Humongous regions: 4->4
[2023-12-12T18:33:35.360+0100][48.782s] GC(6) Metaspace: 40458K(40896K)->40458K(40896K) NonClass: 35771K(35968K)->35771K(35968K) Class: 4687K(4928K)->4687K(4928K)
[2023-12-12T18:33:35.360+0100][48.782s] GC(6) Pause Young (Prepare Mixed) (Metadata GC Threshold) 168M->31M(512M) 7.201ms
[2023-12-12T18:33:35.360+0100][48.782s] GC(6) User=0.16s Sys=0.00s Real=0.01s
[2023-12-12T18:33:35.376+0100][48.797s] GC(7) Pause Young (Mixed) (Metadata GC Threshold)
[2023-12-12T18:33:35.376+0100][48.797s] GC(7) Using 10 workers of 10 for evacuation
[2023-12-12T18:33:35.382+0100][48.804s] GC(7)   Pre Evacuate Collection Set: 0.0ms
[2023-12-12T18:33:35.382+0100][48.804s] GC(7)   Merge Heap Roots: 0.0ms
[2023-12-12T18:33:35.382+0100][48.804s] GC(7)   Evacuate Collection Set: 5.6ms
[2023-12-12T18:33:35.382+0100][48.804s] GC(7)   Post Evacuate Collection Set: 0.6ms
[2023-12-12T18:33:35.382+0100][48.804s] GC(7)   Other: 0.1ms
[2023-12-12T18:33:35.382+0100][48.804s] GC(7) Eden regions: 4->0(304)
[2023-12-12T18:33:35.382+0100][48.804s] GC(7) Survivor regions: 20->3(4)
[2023-12-12T18:33:35.382+0100][48.804s] GC(7) Old regions: 8->27
[2023-12-12T18:33:35.382+0100][48.804s] GC(7) Archive regions: 0->0
[2023-12-12T18:33:35.382+0100][48.804s] GC(7) Humongous regions: 4->4
[2023-12-12T18:33:35.382+0100][48.804s] GC(7) Metaspace: 40765K(41216K)->40765K(41216K) NonClass: 36034K(36224K)->36034K(36224K) Class: 4730K(4992K)->4730K(4992K)
[2023-12-12T18:33:35.382+0100][48.804s] GC(7) Pause Young (Mixed) (Metadata GC Threshold) 35M->33M(512M) 6.483ms
[2023-12-12T18:33:35.382+0100][48.804s] GC(7) User=0.00s Sys=0.00s Real=0.01s
[2023-12-12T18:33:35.394+0100][48.815s] GC(8) Pause Young (Concurrent Start) (Metadata GC Threshold)
[2023-12-12T18:33:35.394+0100][48.815s] GC(8) Using 10 workers of 10 for evacuation
[2023-12-12T18:33:35.395+0100][48.816s] GC(8)   Pre Evacuate Collection Set: 0.1ms
[2023-12-12T18:33:35.395+0100][48.816s] GC(8)   Merge Heap Roots: 0.0ms
[2023-12-12T18:33:35.395+0100][48.816s] GC(8)   Evacuate Collection Set: 0.5ms
[2023-12-12T18:33:35.395+0100][48.816s] GC(8)   Post Evacuate Collection Set: 0.1ms
[2023-12-12T18:33:35.395+0100][48.816s] GC(8)   Other: 0.0ms
[2023-12-12T18:33:35.395+0100][48.816s] GC(8) Eden regions: 3->0(306)
[2023-12-12T18:33:35.395+0100][48.816s] GC(8) Survivor regions: 3->1(39)
[2023-12-12T18:33:35.395+0100][48.816s] GC(8) Old regions: 27->27
[2023-12-12T18:33:35.395+0100][48.816s] GC(8) Archive regions: 0->0
[2023-12-12T18:33:35.395+0100][48.816s] GC(8) Humongous regions: 4->4
[2023-12-12T18:33:35.395+0100][48.816s] GC(8) Metaspace: 41082K(41536K)->41082K(41536K) NonClass: 36307K(36544K)->36307K(36544K) Class: 4774K(4992K)->4774K(4992K)
[2023-12-12T18:33:35.395+0100][48.816s] GC(8) Pause Young (Concurrent Start) (Metadata GC Threshold) 36M->31M(512M) 0.970ms
[2023-12-12T18:33:35.395+0100][48.816s] GC(9) Concurrent Mark Cycle
[2023-12-12T18:33:35.395+0100][48.816s] GC(8) User=0.00s Sys=0.00s Real=0.00s
[2023-12-12T18:33:35.395+0100][48.816s] GC(9) Concurrent Clear Claimed Marks
[2023-12-12T18:33:35.395+0100][48.816s] GC(9) Concurrent Clear Claimed Marks 0.039ms
[2023-12-12T18:33:35.395+0100][48.816s] GC(9) Concurrent Scan Root Regions
[2023-12-12T18:33:35.396+0100][48.817s] GC(9) Concurrent Scan Root Regions 0.503ms
[2023-12-12T18:33:35.396+0100][48.817s] GC(9) Concurrent Mark
[2023-12-12T18:33:35.396+0100][48.817s] GC(9) Concurrent Mark From Roots
[2023-12-12T18:33:35.396+0100][48.817s] GC(9) Using 3 workers of 3 for marking
[2023-12-12T18:33:35.410+0100][48.831s] GC(9) Concurrent Mark From Roots 14.500ms
[2023-12-12T18:33:35.410+0100][48.831s] GC(9) Concurrent Preclean
[2023-12-12T18:33:35.410+0100][48.831s] GC(9) Concurrent Preclean 0.074ms
[2023-12-12T18:33:35.410+0100][48.831s] GC(9) Pause Remark
[2023-12-12T18:33:35.412+0100][48.834s] GC(9) Pause Remark 34M->34M(512M) 2.164ms
[2023-12-12T18:33:35.412+0100][48.834s] GC(9) User=0.00s Sys=0.00s Real=0.00s
[2023-12-12T18:33:35.412+0100][48.834s] GC(9) Concurrent Mark 16.956ms
[2023-12-12T18:33:35.412+0100][48.834s] GC(9) Concurrent Rebuild Remembered Sets
[2023-12-12T18:33:35.420+0100][48.841s] GC(9) Concurrent Rebuild Remembered Sets 7.245ms
[2023-12-12T18:33:35.420+0100][48.841s] GC(9) Pause Cleanup
[2023-12-12T18:33:35.420+0100][48.841s] GC(9) Pause Cleanup 35M->35M(512M) 0.111ms
[2023-12-12T18:33:35.420+0100][48.841s] GC(9) User=0.00s Sys=0.00s Real=0.00s
[2023-12-12T18:33:35.420+0100][48.841s] GC(9) Concurrent Cleanup for Next Mark
[2023-12-12T18:33:35.421+0100][48.842s] GC(9) Concurrent Cleanup for Next Mark 1.023ms
[2023-12-12T18:33:35.421+0100][48.842s] GC(9) Concurrent Mark Cycle 26.220ms
[2023-12-12T18:33:35.684+0100][49.106s] GC(10) Pause Young (Concurrent Start) (CodeCache GC Threshold)
[2023-12-12T18:33:35.685+0100][49.106s] GC(10) Using 10 workers of 10 for evacuation
[2023-12-12T18:33:35.687+0100][49.108s] GC(10)   Pre Evacuate Collection Set: 0.1ms
[2023-12-12T18:33:35.687+0100][49.108s] GC(10)   Merge Heap Roots: 0.0ms
[2023-12-12T18:33:35.687+0100][49.108s] GC(10)   Evacuate Collection Set: 1.9ms
[2023-12-12T18:33:35.687+0100][49.108s] GC(10)   Post Evacuate Collection Set: 0.3ms
[2023-12-12T18:33:35.687+0100][49.109s] GC(10)   Other: 0.0ms
[2023-12-12T18:33:35.687+0100][49.109s] GC(10) Eden regions: 60->0(304)
[2023-12-12T18:33:35.687+0100][49.109s] GC(10) Survivor regions: 1->3(39)
[2023-12-12T18:33:35.687+0100][49.109s] GC(10) Old regions: 27->27
[2023-12-12T18:33:35.687+0100][49.109s] GC(10) Archive regions: 0->0
[2023-12-12T18:33:35.687+0100][49.109s] GC(10) Humongous regions: 4->4
[2023-12-12T18:33:35.687+0100][49.109s] GC(10) Metaspace: 46129K(46656K)->46129K(46656K) NonClass: 40657K(40896K)->40657K(40896K) Class: 5471K(5760K)->5471K(5760K)
[2023-12-12T18:33:35.687+0100][49.109s] GC(10) Pause Young (Concurrent Start) (CodeCache GC Threshold) 90M->33M(512M) 2.526ms
[2023-12-12T18:33:35.687+0100][49.109s] GC(11) Concurrent Mark Cycle
[2023-12-12T18:33:35.687+0100][49.109s] GC(10) User=0.00s Sys=0.00s Real=0.00s
[2023-12-12T18:33:35.687+0100][49.109s] GC(11) Concurrent Clear Claimed Marks
[2023-12-12T18:33:35.687+0100][49.109s] GC(11) Concurrent Clear Claimed Marks 0.063ms
[2023-12-12T18:33:35.687+0100][49.109s] GC(11) Concurrent Scan Root Regions
[2023-12-12T18:33:35.688+0100][49.110s] GC(11) Concurrent Scan Root Regions 1.254ms
[2023-12-12T18:33:35.688+0100][49.110s] GC(11) Concurrent Mark
[2023-12-12T18:33:35.688+0100][49.110s] GC(11) Concurrent Mark From Roots
[2023-12-12T18:33:35.688+0100][49.110s] GC(11) Using 3 workers of 3 for marking
[2023-12-12T18:33:35.702+0100][49.123s] GC(11) Concurrent Mark From Roots 13.234ms
[2023-12-12T18:33:35.702+0100][49.123s] GC(11) Concurrent Preclean
[2023-12-12T18:33:35.702+0100][49.123s] GC(11) Concurrent Preclean 0.077ms
[2023-12-12T18:33:35.702+0100][49.123s] GC(11) Pause Remark
[2023-12-12T18:33:35.703+0100][49.125s] GC(11) Pause Remark 35M->35M(512M) 1.123ms
[2023-12-12T18:33:35.703+0100][49.125s] GC(11) User=0.00s Sys=0.00s Real=0.00s
[2023-12-12T18:33:35.703+0100][49.125s] GC(11) Concurrent Mark 14.607ms
[2023-12-12T18:33:35.703+0100][49.125s] GC(11) Concurrent Rebuild Remembered Sets
[2023-12-12T18:33:35.710+0100][49.132s] GC(11) Concurrent Rebuild Remembered Sets 6.851ms
[2023-12-12T18:33:35.710+0100][49.132s] GC(11) Pause Cleanup
[2023-12-12T18:33:35.710+0100][49.132s] GC(11) Pause Cleanup 36M->36M(512M) 0.064ms
[2023-12-12T18:33:35.710+0100][49.132s] GC(11) User=0.00s Sys=0.00s Real=0.00s
[2023-12-12T18:33:35.710+0100][49.132s] GC(11) Concurrent Cleanup for Next Mark
[2023-12-12T18:33:35.711+0100][49.133s] GC(11) Concurrent Cleanup for Next Mark 0.922ms
[2023-12-12T18:33:35.711+0100][49.133s] GC(11) Concurrent Mark Cycle 24.063ms
[2023-12-12T18:33:35.723+0100][49.144s] GC(12) Pause Young (Concurrent Start) (CodeCache GC Threshold)
[2023-12-12T18:33:35.723+0100][49.144s] GC(12) Using 10 workers of 10 for evacuation
[2023-12-12T18:33:35.725+0100][49.146s] GC(12)   Pre Evacuate Collection Set: 0.1ms
[2023-12-12T18:33:35.725+0100][49.146s] GC(12)   Merge Heap Roots: 0.0ms
[2023-12-12T18:33:35.725+0100][49.146s] GC(12)   Evacuate Collection Set: 1.7ms
[2023-12-12T18:33:35.725+0100][49.146s] GC(12)   Post Evacuate Collection Set: 0.3ms
[2023-12-12T18:33:35.725+0100][49.146s] GC(12)   Other: 0.1ms
[2023-12-12T18:33:35.725+0100][49.146s] GC(12) Eden regions: 5->0(303)
[2023-12-12T18:33:35.725+0100][49.146s] GC(12) Survivor regions: 3->4(39)
[2023-12-12T18:33:35.725+0100][49.146s] GC(12) Old regions: 27->27
[2023-12-12T18:33:35.725+0100][49.146s] GC(12) Archive regions: 0->0
[2023-12-12T18:33:35.725+0100][49.146s] GC(12) Humongous regions: 4->4
[2023-12-12T18:33:35.725+0100][49.146s] GC(12) Metaspace: 46469K(47040K)->46469K(47040K) NonClass: 40933K(41216K)->40933K(41216K) Class: 5536K(5824K)->5536K(5824K)
[2023-12-12T18:33:35.725+0100][49.146s] GC(12) Pause Young (Concurrent Start) (CodeCache GC Threshold) 37M->33M(512M) 2.279ms
[2023-12-12T18:33:35.725+0100][49.146s] GC(13) Concurrent Mark Cycle
[2023-12-12T18:33:35.725+0100][49.146s] GC(12) User=0.00s Sys=0.00s Real=0.00s
[2023-12-12T18:33:35.725+0100][49.146s] GC(13) Concurrent Clear Claimed Marks
[2023-12-12T18:33:35.725+0100][49.146s] GC(13) Concurrent Clear Claimed Marks 0.050ms
[2023-12-12T18:33:35.725+0100][49.147s] GC(13) Concurrent Scan Root Regions
[2023-12-12T18:33:35.726+0100][49.148s] GC(13) Concurrent Scan Root Regions 1.200ms
[2023-12-12T18:33:35.726+0100][49.148s] GC(13) Concurrent Mark
[2023-12-12T18:33:35.726+0100][49.148s] GC(13) Concurrent Mark From Roots
[2023-12-12T18:33:35.726+0100][49.148s] GC(13) Using 3 workers of 3 for marking
[2023-12-12T18:33:35.741+0100][49.163s] GC(13) Concurrent Mark From Roots 15.157ms
[2023-12-12T18:33:35.741+0100][49.163s] GC(13) Concurrent Preclean
[2023-12-12T18:33:35.742+0100][49.163s] GC(13) Concurrent Preclean 0.071ms
[2023-12-12T18:33:35.742+0100][49.163s] GC(13) Pause Remark
[2023-12-12T18:33:35.743+0100][49.164s] GC(13) Pause Remark 35M->35M(512M) 0.911ms
[2023-12-12T18:33:35.743+0100][49.164s] GC(13) User=0.00s Sys=0.00s Real=0.00s
[2023-12-12T18:33:35.743+0100][49.164s] GC(13) Concurrent Mark 16.327ms
[2023-12-12T18:33:35.743+0100][49.164s] GC(13) Concurrent Rebuild Remembered Sets
[2023-12-12T18:33:35.749+0100][49.170s] GC(13) Concurrent Rebuild Remembered Sets 6.079ms
[2023-12-12T18:33:35.749+0100][49.170s] GC(13) Pause Cleanup
[2023-12-12T18:33:35.749+0100][49.170s] GC(13) Pause Cleanup 36M->36M(512M) 0.063ms
[2023-12-12T18:33:35.749+0100][49.170s] GC(13) User=0.00s Sys=0.00s Real=0.00s
[2023-12-12T18:33:35.749+0100][49.170s] GC(13) Concurrent Cleanup for Next Mark
[2023-12-12T18:33:35.750+0100][49.171s] GC(13) Concurrent Cleanup for Next Mark 0.759ms
[2023-12-12T18:33:35.750+0100][49.171s] GC(13) Concurrent Mark Cycle 24.727ms
[2023-12-12T18:34:17.502+0100][90.924s] GC(14) Pause Young (Normal) (G1 Evacuation Pause)
[2023-12-12T18:34:17.502+0100][90.924s] GC(14) Using 10 workers of 10 for evacuation
[2023-12-12T18:34:17.510+0100][90.931s] GC(14)   Pre Evacuate Collection Set: 0.1ms
[2023-12-12T18:34:17.510+0100][90.931s] GC(14)   Merge Heap Roots: 0.1ms
[2023-12-12T18:34:17.510+0100][90.931s] GC(14)   Evacuate Collection Set: 6.0ms
[2023-12-12T18:34:17.510+0100][90.931s] GC(14)   Post Evacuate Collection Set: 0.9ms
[2023-12-12T18:34:17.510+0100][90.931s] GC(14)   Other: 0.1ms
[2023-12-12T18:34:17.510+0100][90.931s] GC(14) Eden regions: 303->0(292)
[2023-12-12T18:34:17.510+0100][90.931s] GC(14) Survivor regions: 4->15(39)
[2023-12-12T18:34:17.510+0100][90.931s] GC(14) Old regions: 27->27
[2023-12-12T18:34:17.510+0100][90.931s] GC(14) Archive regions: 0->0
[2023-12-12T18:34:17.510+0100][90.931s] GC(14) Humongous regions: 4->4
[2023-12-12T18:34:17.510+0100][90.932s] GC(14) Metaspace: 54930K(55552K)->54930K(55552K) NonClass: 48331K(48704K)->48331K(48704K) Class: 6598K(6848K)->6598K(6848K)
[2023-12-12T18:34:17.510+0100][90.932s] GC(14) Pause Young (Normal) (G1 Evacuation Pause) 336M->45M(512M) 7.424ms
[2023-12-12T18:34:17.510+0100][90.932s] GC(14) User=0.00s Sys=0.00s Real=0.01s
